2026-05-08 10:59:19,103 INFO  [org.jboss.modules] (main) JBoss Modules version 2.1.6.Final
2026-05-08 10:59:21,175 INFO  [org.jboss.msc] (main) JBoss MSC version 1.5.6.Final
2026-05-08 10:59:21,478 INFO  [org.jboss.as] (MSC service thread 1-4) WFLYSRV0049: WildFly 39.0.1.Final (WildFly Core 31.0.3.Final) starting
2026-05-08 10:59:21,480 DEBUG [org.jboss.as.config] (MSC service thread 1-4) Configured system properties:
	[Standalone] = 
	file.encoding = UTF-8
	file.separator = /
	java.awt.headless = true
	java.class.path = /opt/wildfly/jboss-modules.jar
	java.class.version = 65.0
	java.home = /usr/lib/jvm/java-21-amazon-corretto.x86_64
	java.io.tmpdir = /tmp
	java.library.path = /usr/java/packages/lib:/usr/lib64:/lib64:/lib:/usr/lib
	java.net.preferIPv4Stack = true
	java.runtime.name = OpenJDK Runtime Environment
	java.runtime.version = 21.0.10+7-LTS
	java.specification.name = Java Platform API Specification
	java.specification.vendor = Oracle Corporation
	java.specification.version = 21
	java.util.logging.manager = org.jboss.logmanager.LogManager
	java.vendor = Amazon.com Inc.
	java.vendor.url = https://aws.amazon.com/corretto/
	java.vendor.url.bug = https://github.com/corretto/corretto-21/issues/
	java.vendor.version = Corretto-21.0.10.7.1
	java.version = 21.0.10
	java.version.date = 2026-01-20
	java.vm.compressedOopsMode = 32-bit
	java.vm.info = mixed mode, sharing
	java.vm.name = OpenJDK 64-Bit Server VM
	java.vm.specification.name = Java Virtual Machine Specification
	java.vm.specification.vendor = Oracle Corporation
	java.vm.specification.version = 21
	java.vm.vendor = Amazon.com Inc.
	java.vm.version = 21.0.10+7-LTS
	javax.management.builder.initial = org.jboss.as.jmx.PluggableMBeanServerBuilder
	jboss.bind.address = 0.0.0.0
	jboss.bind.address.management = 0.0.0.0
	jboss.home.dir = /opt/wildfly
	jboss.host.name = arc
	jboss.http.port = 8080
	jboss.https.port = 8443
	jboss.management.http.port = 9990
	jboss.management.https.port = 9993
	jboss.node.name = arc
	jboss.qualified.host.name = arc
	jboss.redirect.https.port = 8443
	jboss.server.base.dir = /opt/wildfly/standalone
	jboss.server.config.dir = /opt/wildfly/standalone/configuration
	jboss.server.data.dir = /opt/wildfly/standalone/data
	jboss.server.log.dir = /opt/wildfly/standalone/log
	jboss.server.name = arc
	jboss.server.persist.config = true
	jboss.server.temp.dir = /opt/wildfly/standalone/tmp
	jboss.threads.eqe.statistics = true
	jdk.debug = release
	jdk.serialFilter = maxbytes=10485760;maxdepth=128;maxarray=100000;maxrefs=300000
	line.separator = 

	logging.configuration = file:/opt/wildfly/standalone/configuration/logging.properties
	module.path = /opt/wildfly/modules
	native.encoding = UTF-8
	org.jboss.boot.log.file = /opt/wildfly/standalone/log/server.log
	org.jboss.resolver.warning = true
	os.arch = amd64
	os.name = Linux
	os.version = 6.6.87.2-microsoft-standard-WSL2
	path.separator = :
	stderr.encoding = UTF-8
	stdout.encoding = UTF-8
	sun.arch.data.model = 64
	sun.boot.library.path = /usr/lib/jvm/java-21-amazon-corretto.x86_64/lib
	sun.cpu.endian = little
	sun.io.unicode.encoding = UnicodeLittle
	sun.java.command = /opt/wildfly/jboss-modules.jar -mp /opt/wildfly/modules org.jboss.as.standalone -Djboss.home.dir=/opt/wildfly -Djboss.server.base.dir=/opt/wildfly/standalone -b 0.0.0.0 -bmanagement 0.0.0.0 -c dcm4chee-arc.xml -Djboss.management.http.port=9990 -Djboss.management.https.port=9993 -Djboss.http.port=8080 -Djboss.https.port=8443 -Djboss.redirect.https.port=8443
	sun.java.launcher = SUN_STANDARD
	sun.jnu.encoding = UTF-8
	sun.management.compiler = HotSpot 64-Bit Tiered Compilers
	user.dir = /
	user.home = /opt/wildfly
	user.language = en
	user.name = wildfly
	user.timezone = UTC
2026-05-08 10:59:21,486 DEBUG [org.jboss.as.config] (MSC service thread 1-4) VM Arguments: -D[Standalone] -Djdk.serialFilter=maxbytes=10485760;maxdepth=128;maxarray=100000;maxrefs=300000 -Xms64m -Xmx512m -XX:MetaspaceSize=96M -XX:MaxMetaspaceSize=256m -Djava.net.preferIPv4Stack=true -Djava.awt.headless=true --add-exports=java.desktop/sun.awt=ALL-UNNAMED --add-exports=java.naming/com.sun.jndi.ldap=ALL-UNNAMED --add-exports=java.naming/com.sun.jndi.url.ldap=ALL-UNNAMED --add-exports=java.naming/com.sun.jndi.url.ldaps=ALL-UNNAMED --add-exports=jdk.naming.dns/com.sun.jndi.dns=ALL-UNNAMED --add-opens=java.base/java.lang=ALL-UNNAMED --add-opens=java.base/java.lang.invoke=ALL-UNNAMED --add-opens=java.base/java.lang.reflect=ALL-UNNAMED --add-opens=java.base/java.io=ALL-UNNAMED --add-opens=java.base/java.net=ALL-UNNAMED --add-opens=java.base/java.security=ALL-UNNAMED --add-opens=java.base/java.util=ALL-UNNAMED --add-opens=java.base/java.util.concurrent=ALL-UNNAMED --add-opens=java.management/javax.management=ALL-UNNAMED --add-opens=java.naming/javax.naming=ALL-UNNAMED -Dorg.jboss.boot.log.file=/opt/wildfly/standalone/log/server.log -Dlogging.configuration=file:/opt/wildfly/standalone/configuration/logging.properties 
2026-05-08 10:59:24,938 INFO  [org.wildfly.security] (Controller Boot Thread) ELY00001: WildFly Elytron version 2.8.2.Final
2026-05-08 10:59:26,389 INFO  [org.jboss.as.server.deployment.scanner] (DeploymentScanner-threads - 1) WFLYDS0015: Re-attempting failed deployment dcm4chee-arc-ear-5.35.0-psql.ear
2026-05-08 10:59:28,957 INFO  [org.jboss.as.server] (Controller Boot Thread) WFLYSRV0041: Creating http management service using socket-binding (management-http) and secure-socket-binding (management-https)
2026-05-08 10:59:28,999 INFO  [org.xnio] (MSC service thread 1-2) XNIO version 3.8.16.Final
2026-05-08 10:59:29,025 INFO  [org.xnio.nio] (MSC service thread 1-2) XNIO NIO Implementation Version 3.8.16.Final
2026-05-08 10:59:29,098 INFO  [org.wildfly.extension.elytron.oidc._private] (ServerService Thread Pool -- 54) WFLYOIDC0001: Activating WildFly Elytron OIDC Subsystem
2026-05-08 10:59:29,123 INFO  [org.jboss.as.clustering.infinispan] (ServerService Thread Pool -- 56) WFLYCLINF0001: Activating Infinispan subsystem.
2026-05-08 10:59:29,127 INFO  [org.wildfly.extension.health] (ServerService Thread Pool -- 55) WFLYHEALTH0001: Activating Base Health Subsystem
2026-05-08 10:59:29,141 INFO  [org.jboss.as.jaxrs] (ServerService Thread Pool -- 58) WFLYRS0016: RESTEasy version 6.2.15.Final
2026-05-08 10:59:29,159 INFO  [org.wildfly.extension.io] (ServerService Thread Pool -- 57) WFLYIO001: Worker 'default' has auto-configured to 16 IO threads with 128 max task threads based on your 8 available processors
2026-05-08 10:59:29,178 INFO  [org.wildfly.extension.microprofile.jwt.smallrye] (ServerService Thread Pool -- 67) WFLYJWT0001: Activating MicroProfile JWT Subsystem
2026-05-08 10:59:29,197 INFO  [org.jboss.as.naming] (ServerService Thread Pool -- 68) WFLYNAM0001: Activating Naming Subsystem
2026-05-08 10:59:29,198 INFO  [org.wildfly.extension.microprofile.config.smallrye] (ServerService Thread Pool -- 66) WFLYCONF0001: Activating MicroProfile Config Subsystem
2026-05-08 10:59:29,237 WARN  [org.jboss.as.txn] (ServerService Thread Pool -- 75) WFLYTX0013: The node-identifier attribute on the /subsystem=transactions is set to the default value. This is a danger for environments running multiple servers. Please make sure the attribute value is unique.
2026-05-08 10:59:29,244 INFO  [org.jboss.as.jsf] (ServerService Thread Pool -- 63) WFLYJSF0007: Activated the following Jakarta Server Faces Implementations: [main]
2026-05-08 10:59:29,255 INFO  [org.wildfly.extension.metrics] (ServerService Thread Pool -- 65) WFLYMETRICS0001: Activating Base Metrics Subsystem
2026-05-08 10:59:29,297 INFO  [org.jboss.as.connector] (MSC service thread 1-3) WFLYJCA0009: Starting Jakarta Connectors Subsystem (WildFly/IronJacamar 3.0.18.Final)
2026-05-08 10:59:29,307 INFO  [org.jboss.as.server.deployment] (MSC service thread 1-8) WFLYSRV0027: Starting deployment of "dcm4chee-arc-ear-5.35.0-psql.ear" (runtime-name: "dcm4chee-arc-ear-5.35.0-psql.ear")
2026-05-08 10:59:29,307 INFO  [org.jboss.as.server.deployment] (MSC service thread 1-7) WFLYSRV0027: Starting deployment of "dcm4chee-arc-ui2-5.35.0.war" (runtime-name: "dcm4chee-arc-ui2-5.35.0.war")
2026-05-08 10:59:29,317 INFO  [org.jboss.as.webservices] (ServerService Thread Pool -- 77) WFLYWS0002: Activating WebServices Extension
2026-05-08 10:59:29,394 INFO  [org.jboss.as.connector.subsystems.datasources] (ServerService Thread Pool -- 45) WFLYJCA0004: Deploying JDBC-compliant driver class org.h2.Driver (version 2.2)
2026-05-08 10:59:29,482 INFO  [org.jboss.as.connector.deployers.jdbc] (MSC service thread 1-6) WFLYJCA0018: Started Driver service with driver-name = h2
2026-05-08 10:59:29,588 INFO  [org.jboss.as.naming] (MSC service thread 1-9) WFLYNAM0003: Starting Naming Service
2026-05-08 10:59:29,632 INFO  [org.jboss.as.mail.extension] (MSC service thread 1-9) WFLYMAIL0001: Bound mail session [java:jboss/mail/Default]
2026-05-08 10:59:29,661 INFO  [org.jboss.as.connector.subsystems.datasources] (ServerService Thread Pool -- 45) WFLYJCA0005: Deploying non-JDBC-compliant driver class org.postgresql.Driver (version 42.7)
2026-05-08 10:59:29,676 INFO  [org.jboss.remoting] (MSC service thread 1-3) JBoss Remoting version 5.0.31.Final
2026-05-08 10:59:29,710 INFO  [org.jboss.as.connector.deployers.jdbc] (MSC service thread 1-4) WFLYJCA0018: Started Driver service with driver-name = psql
2026-05-08 10:59:29,843 INFO  [org.wildfly.extension.undertow] (MSC service thread 1-3) WFLYUT0003: Undertow 2.3.23.Final starting
2026-05-08 10:59:30,177 INFO  [org.wildfly.extension.undertow] (ServerService Thread Pool -- 76) WFLYUT0112: The value 'require-host-http11' attribute in the '/subsystem=undertow/server=default-server/http-listener=default' resource is 'false', which will be ignored. The server now always enforces the RFC 9112 requirement that HTTP/1.1 request messages include a Host header.
2026-05-08 10:59:30,250 INFO  [org.wildfly.extension.undertow] (ServerService Thread Pool -- 76) WFLYUT0112: The value 'require-host-http11' attribute in the '/subsystem=undertow/server=default-server/https-listener=https' resource is 'false', which will be ignored. The server now always enforces the RFC 9112 requirement that HTTP/1.1 request messages include a Host header.
2026-05-08 10:59:30,258 INFO  [org.jboss.as.ejb3] (MSC service thread 1-2) WFLYEJB0482: Strict pool mdb-strict-max-pool is using a max instance size of 32 (per class), which is derived from the number of CPUs on this host.
2026-05-08 10:59:30,258 INFO  [org.jboss.as.ejb3] (MSC service thread 1-6) WFLYEJB0481: Strict pool slsb-strict-max-pool is using a max instance size of 128 (per class), which is derived from thread worker pool sizing.
2026-05-08 10:59:30,395 INFO  [org.jboss.as.ejb3] (MSC service thread 1-9) WFLYEJB0493: Jakarta Enterprise Beans subsystem suspension complete
2026-05-08 10:59:30,514 INFO  [org.jboss.as.connector.subsystems.datasources.AbstractDataSourceService$AS7DataSourceDeployer] (MSC service thread 1-7) IJ020018: Enabling <validate-on-match> for java:/PacsDS
2026-05-08 10:59:30,573 INFO  [org.jboss.as.connector.subsystems.datasources] (MSC service thread 1-4) WFLYJCA0001: Bound data source [java:jboss/datasources/ExampleDS]
2026-05-08 10:59:30,574 INFO  [org.jboss.as.connector.subsystems.datasources] (MSC service thread 1-9) WFLYJCA0001: Bound data source [java:/PacsDS]
2026-05-08 10:59:30,722 INFO  [org.wildfly.extension.undertow] (ServerService Thread Pool -- 76) WFLYUT0014: Creating file handler for path '/opt/wildfly/welcome-content' with options [directory-listing: 'false', follow-symlink: 'false', case-sensitive: 'true', safe-symlink-paths: '[]']
2026-05-08 10:59:30,755 INFO  [org.wildfly.extension.undertow] (MSC service thread 1-2) WFLYUT0012: Started server default-server.
2026-05-08 10:59:30,757 INFO  [org.wildfly.extension.undertow] (MSC service thread 1-6) Queuing requests.
2026-05-08 10:59:30,759 INFO  [org.wildfly.extension.undertow] (MSC service thread 1-6) WFLYUT0018: Host default-host starting
2026-05-08 10:59:30,761 INFO  [org.wildfly.extension.undertow] (ServerService Thread Pool -- 76) WFLYUT0014: Creating file handler for path '/opt/wildfly/standalone/configuration/resources' with options [directory-listing: 'false', follow-symlink: 'false', case-sensitive: 'true', safe-symlink-paths: '[]']
2026-05-08 10:59:30,929 INFO  [org.wildfly.extension.undertow] (MSC service thread 1-3) WFLYUT0006: Undertow HTTPS listener https listening on 0.0.0.0:8443
2026-05-08 10:59:30,932 INFO  [org.wildfly.extension.undertow] (MSC service thread 1-7) WFLYUT0006: Undertow HTTP listener default listening on 0.0.0.0:8080
2026-05-08 10:59:31,266 INFO  [org.jboss.as.server.deployment.scanner] (MSC service thread 1-6) WFLYDS0013: Started FileSystemDeploymentService for directory /opt/wildfly/standalone/deployments
2026-05-08 10:59:31,666 INFO  [org.jboss.ws.common.management] (MSC service thread 1-2) JBWS022052: Starting JBossWS 7.3.7.Final (Apache CXF 4.0.10) 
2026-05-08 10:59:55,676 INFO  [org.jboss.as.server.deployment] (MSC service thread 1-6) WFLYSRV0207: Starting subdeployment (runtime-name: "dcm4chee-arc-retrieve-5.35.0.jar")
2026-05-08 10:59:55,677 INFO  [org.jboss.as.server.deployment] (MSC service thread 1-7) WFLYSRV0207: Starting subdeployment (runtime-name: "dcm4chee-arc-xsl-cda-5.35.0.war")
2026-05-08 10:59:55,677 INFO  [org.jboss.as.server.deployment] (MSC service thread 1-4) WFLYSRV0207: Starting subdeployment (runtime-name: "dcm4chee-arc-hl7-5.35.0.jar")
2026-05-08 10:59:55,676 INFO  [org.jboss.as.server.deployment] (MSC service thread 1-2) WFLYSRV0207: Starting subdeployment (runtime-name: "dcm4chee-arc-proxy-5.35.0-unsecure.war")
2026-05-08 10:59:55,681 INFO  [org.jboss.as.server.deployment] (MSC service thread 1-2) WFLYSRV0207: Starting subdeployment (runtime-name: "dcm4chee-arc-retrieve-mgt-5.35.0.jar")
2026-05-08 10:59:55,676 INFO  [org.jboss.as.server.deployment] (MSC service thread 1-3) WFLYSRV0207: Starting subdeployment (runtime-name: "dcm4chee-arc-store-5.35.0.jar")
2026-05-08 10:59:55,676 INFO  [org.jboss.as.server.deployment] (MSC service thread 1-8) WFLYSRV0207: Starting subdeployment (runtime-name: "dcm4chee-arc-code-5.35.0.jar")
2026-05-08 10:59:55,676 INFO  [org.jboss.as.server.deployment] (MSC service thread 1-9) WFLYSRV0207: Starting subdeployment (runtime-name: "dcm4chee-arc-query-5.35.0.jar")
2026-05-08 10:59:55,685 INFO  [org.jboss.as.server.deployment] (MSC service thread 1-8) WFLYSRV0207: Starting subdeployment (runtime-name: "dcm4chee-arc-export-storage-5.35.0.jar")
2026-05-08 10:59:55,684 INFO  [org.jboss.as.server.deployment] (MSC service thread 1-3) WFLYSRV0207: Starting subdeployment (runtime-name: "dcm4chee-arc-retrieve-xdsi-5.35.0.war")
2026-05-08 10:59:55,688 INFO  [org.jboss.as.server.deployment] (MSC service thread 1-3) WFLYSRV0207: Starting subdeployment (runtime-name: "dcm4chee-arc-export-jivex-report-5.35.0.jar")
2026-05-08 10:59:55,683 INFO  [org.jboss.as.server.deployment] (MSC service thread 1-2) WFLYSRV0207: Starting subdeployment (runtime-name: "dcm4chee-arc-pdq-scheduler-5.35.0.jar")
2026-05-08 10:59:55,680 INFO  [org.jboss.as.server.deployment] (MSC service thread 1-4) WFLYSRV0207: Starting subdeployment (runtime-name: "dcm4chee-arc-fhir-client-5.35.0.jar")
2026-05-08 10:59:55,678 INFO  [org.jboss.as.server.deployment] (MSC service thread 1-6) WFLYSRV0207: Starting subdeployment (runtime-name: "dcm4chee-arc-stgcmt-5.35.0.jar")
2026-05-08 10:59:55,679 INFO  [org.jboss.as.server.deployment] (MSC service thread 1-7) WFLYSRV0207: Starting subdeployment (runtime-name: "dcm4chee-arc-mpps-scu-5.35.0.jar")
2026-05-08 10:59:55,690 INFO  [org.jboss.as.server.deployment] (MSC service thread 1-6) WFLYSRV0207: Starting subdeployment (runtime-name: "dcm4chee-arc-patient-5.35.0.jar")
2026-05-08 10:59:55,690 INFO  [org.jboss.as.server.deployment] (MSC service thread 1-4) WFLYSRV0207: Starting subdeployment (runtime-name: "dcm4chee-arc-procedure-5.35.0.jar")
2026-05-08 10:59:55,689 INFO  [org.jboss.as.server.deployment] (MSC service thread 1-2) WFLYSRV0207: Starting subdeployment (runtime-name: "dcm4chee-arc-hl7-psu-5.35.0.jar")
2026-05-08 10:59:55,689 INFO  [org.jboss.as.server.deployment] (MSC service thread 1-3) WFLYSRV0207: Starting subdeployment (runtime-name: "dcm4chee-arc-service-5.35.0.jar")
2026-05-08 10:59:55,687 INFO  [org.jboss.as.server.deployment] (MSC service thread 1-8) WFLYSRV0207: Starting subdeployment (runtime-name: "dcm4chee-arc-delete-5.35.0.jar")
2026-05-08 10:59:55,686 INFO  [org.jboss.as.server.deployment] (MSC service thread 1-9) WFLYSRV0207: Starting subdeployment (runtime-name: "dcm4chee-arc-qstar-scheduler-5.35.0.jar")
2026-05-08 10:59:55,694 INFO  [org.jboss.as.server.deployment] (MSC service thread 1-8) WFLYSRV0207: Starting subdeployment (runtime-name: "dcm4chee-arc-qmgt-5.35.0.jar")
2026-05-08 10:59:55,695 INFO  [org.jboss.as.server.deployment] (MSC service thread 1-9) WFLYSRV0207: Starting subdeployment (runtime-name: "dcm4chee-arc-diff-5.35.0.jar")
2026-05-08 10:59:55,694 INFO  [org.jboss.as.server.deployment] (MSC service thread 1-3) WFLYSRV0207: Starting subdeployment (runtime-name: "dcm4chee-arc-storage-ejb-5.35.0.jar")
2026-05-08 10:59:55,693 INFO  [org.jboss.as.server.deployment] (MSC service thread 1-2) WFLYSRV0207: Starting subdeployment (runtime-name: "dcm4chee-arc-keyvalue-5.35.0.jar")
2026-05-08 10:59:55,692 INFO  [org.jboss.as.server.deployment] (MSC service thread 1-4) WFLYSRV0207: Starting subdeployment (runtime-name: "dcm4chee-arc-compress-5.35.0.jar")
2026-05-08 10:59:55,691 INFO  [org.jboss.as.server.deployment] (MSC service thread 1-6) WFLYSRV0207: Starting subdeployment (runtime-name: "dcm4chee-arc-id-5.35.0.jar")
2026-05-08 10:59:55,698 INFO  [org.jboss.as.server.deployment] (MSC service thread 1-4) WFLYSRV0207: Starting subdeployment (runtime-name: "dcm4chee-arc-metadata-5.35.0.jar")
2026-05-08 10:59:55,691 INFO  [org.jboss.as.server.deployment] (MSC service thread 1-7) WFLYSRV0207: Starting subdeployment (runtime-name: "dcm4chee-arc-war-5.35.0-unsecure.war")
2026-05-08 10:59:55,699 INFO  [org.jboss.as.server.deployment] (MSC service thread 1-4) WFLYSRV0207: Starting subdeployment (runtime-name: "dcm4chee-arc-study-5.35.0.jar")
2026-05-08 10:59:55,700 INFO  [org.jboss.as.server.deployment] (MSC service thread 1-7) WFLYSRV0207: Starting subdeployment (runtime-name: "dcm4chee-arc-mpps-5.35.0.jar")
2026-05-08 10:59:55,699 INFO  [org.jboss.as.server.deployment] (MSC service thread 1-6) WFLYSRV0207: Starting subdeployment (runtime-name: "dcm4chee-arc-ian-scu-5.35.0.jar")
2026-05-08 10:59:55,698 INFO  [org.jboss.as.server.deployment] (MSC service thread 1-3) WFLYSRV0207: Starting subdeployment (runtime-name: "dcm4chee-arc-update-5.35.0.jar")
2026-05-08 10:59:55,697 INFO  [org.jboss.as.server.deployment] (MSC service thread 1-2) WFLYSRV0207: Starting subdeployment (runtime-name: "dcm4chee-arc-export-mgt-5.35.0.jar")
2026-05-08 10:59:55,696 INFO  [org.jboss.as.server.deployment] (MSC service thread 1-9) WFLYSRV0207: Starting subdeployment (runtime-name: "dcm4chee-arc-ups-5.35.0.jar")
2026-05-08 10:59:55,696 INFO  [org.jboss.as.server.deployment] (MSC service thread 1-8) WFLYSRV0207: Starting subdeployment (runtime-name: "dcm4chee-arc-study-size-5.35.0.jar")
2026-05-08 10:59:55,701 INFO  [org.jboss.as.server.deployment] (MSC service thread 1-4) WFLYSRV0207: Starting subdeployment (runtime-name: "dcm4chee-arc-restore-5.35.0.jar")
2026-05-08 10:59:58,776 INFO  [org.jboss.as.jpa] (MSC service thread 1-3) WFLYJPA0002: Read persistence.xml for dcm4chee-arc
2026-05-08 11:00:02,168 WARN  [org.jboss.as.dependency.private] (MSC service thread 1-9) WFLYSRV0018: Deployment "deployment.dcm4chee-arc-ear-5.35.0-psql.ear" is using a private module ("org.wildfly.security.elytron-http-oidc") which may be changed or removed in future versions without notice.
2026-05-08 11:00:02,516 WARN  [org.jboss.as.dependency.private] (MSC service thread 1-9) WFLYSRV0018: Deployment "deployment.dcm4chee-arc-ear-5.35.0-psql.ear" is using a private module ("org.apache.cxf.impl") which may be changed or removed in future versions without notice.
2026-05-08 11:00:02,533 WARN  [org.jboss.as.dependency.private] (MSC service thread 1-9) WFLYSRV0018: Deployment "deployment.dcm4chee-arc-ear-5.35.0-psql.ear" is using a private module ("software.amazon.awssdk.s3") which may be changed or removed in future versions without notice.
2026-05-08 11:00:03,368 INFO  [org.jipijapa] (MSC service thread 1-9) JIPIORMV6020260: Second level cache enabled for dcm4chee-arc-ear-5.35.0-psql.ear#dcm4chee-arc
2026-05-08 11:00:05,036 INFO  [org.infinispan.CONTAINER] (ServerService Thread Pool -- 81) ISPN000974: Virtual threads support: unavailable
2026-05-08 11:00:05,370 INFO  [org.jboss.weld.deployer] (MSC service thread 1-4) WFLYWELD0003: Processing weld deployment dcm4chee-arc-ear-5.35.0-psql.ear
2026-05-08 11:00:06,685 INFO  [org.hibernate.validator.internal.util.Version] (MSC service thread 1-4) HV000001: Hibernate Validator 8.0.3.Final
2026-05-08 11:00:06,804 INFO  [org.infinispan.CONTAINER] (ServerService Thread Pool -- 81) ISPN000556: Starting user marshaller 'org.wildfly.clustering.cache.infinispan.marshalling.UserMarshaller'
2026-05-08 11:00:08,123 INFO  [org.jboss.weld.deployer] (MSC service thread 1-9) WFLYWELD0003: Processing weld deployment dcm4chee-arc-store-5.35.0.jar
2026-05-08 11:00:08,123 INFO  [org.jboss.weld.deployer] (MSC service thread 1-6) WFLYWELD0003: Processing weld deployment dcm4chee-arc-export-jivex-report-5.35.0.jar
2026-05-08 11:00:08,121 INFO  [org.jboss.weld.deployer] (MSC service thread 1-4) WFLYWELD0003: Processing weld deployment dcm4chee-arc-war-5.35.0-unsecure.war
2026-05-08 11:00:08,125 INFO  [org.jboss.weld.deployer] (MSC service thread 1-2) WFLYWELD0003: Processing weld deployment dcm4chee-arc-proxy-5.35.0-unsecure.war
2026-05-08 11:00:08,125 INFO  [org.jboss.weld.deployer] (MSC service thread 1-7) WFLYWELD0003: Processing weld deployment dcm4chee-arc-retrieve-xdsi-5.35.0.war
2026-05-08 11:00:08,124 INFO  [org.jboss.weld.deployer] (MSC service thread 1-3) WFLYWELD0003: Processing weld deployment dcm4chee-arc-mpps-5.35.0.jar
2026-05-08 11:00:08,145 INFO  [org.jboss.as.ejb3.deployment] (MSC service thread 1-6) WFLYEJB0473: JNDI bindings for session bean named 'JiveXReportExporterEJB' in deployment unit 'subdeployment "dcm4chee-arc-export-jivex-report-5.35.0.jar" of deployment "dcm4chee-arc-ear-5.35.0-psql.ear"' are as follows:

	java:global/dcm4chee-arc/dcm4chee-arc-export-jivex-report-5.35.0/JiveXReportExporterEJB!org.dcm4chee.arc.jivex.export.jivex.report.JiveXReportExporterEJB
	java:app/dcm4chee-arc-export-jivex-report-5.35.0/JiveXReportExporterEJB!org.dcm4chee.arc.jivex.export.jivex.report.JiveXReportExporterEJB
	java:module/JiveXReportExporterEJB!org.dcm4chee.arc.jivex.export.jivex.report.JiveXReportExporterEJB
	java:global/dcm4chee-arc/dcm4chee-arc-export-jivex-report-5.35.0/JiveXReportExporterEJB
	java:app/dcm4chee-arc-export-jivex-report-5.35.0/JiveXReportExporterEJB
	java:module/JiveXReportExporterEJB

2026-05-08 11:00:08,144 INFO  [org.jboss.as.ejb3.deployment] (MSC service thread 1-9) WFLYEJB0473: JNDI bindings for session bean named 'StoreServiceEJB' in deployment unit 'subdeployment "dcm4chee-arc-store-5.35.0.jar" of deployment "dcm4chee-arc-ear-5.35.0-psql.ear"' are as follows:

	java:global/dcm4chee-arc/dcm4chee-arc-store-5.35.0/StoreServiceEJB!org.dcm4chee.arc.store.impl.StoreServiceEJB
	java:app/dcm4chee-arc-store-5.35.0/StoreServiceEJB!org.dcm4chee.arc.store.impl.StoreServiceEJB
	java:module/StoreServiceEJB!org.dcm4chee.arc.store.impl.StoreServiceEJB
	java:global/dcm4chee-arc/dcm4chee-arc-store-5.35.0/StoreServiceEJB
	java:app/dcm4chee-arc-store-5.35.0/StoreServiceEJB
	java:module/StoreServiceEJB

2026-05-08 11:00:08,131 INFO  [org.jboss.weld.deployer] (MSC service thread 1-8) WFLYWELD0003: Processing weld deployment dcm4chee-arc-update-5.35.0.jar
2026-05-08 11:00:08,158 INFO  [org.jboss.as.ejb3.deployment] (MSC service thread 1-8) WFLYEJB0473: JNDI bindings for session bean named 'UpdateServiceEJB' in deployment unit 'subdeployment "dcm4chee-arc-update-5.35.0.jar" of deployment "dcm4chee-arc-ear-5.35.0-psql.ear"' are as follows:

	java:global/dcm4chee-arc/dcm4chee-arc-update-5.35.0/UpdateServiceEJB!org.dcm4chee.arc.update.impl.UpdateServiceEJB
	java:app/dcm4chee-arc-update-5.35.0/UpdateServiceEJB!org.dcm4chee.arc.update.impl.UpdateServiceEJB
	java:module/UpdateServiceEJB!org.dcm4chee.arc.update.impl.UpdateServiceEJB
	java:global/dcm4chee-arc/dcm4chee-arc-update-5.35.0/UpdateServiceEJB
	java:app/dcm4chee-arc-update-5.35.0/UpdateServiceEJB
	java:module/UpdateServiceEJB

2026-05-08 11:00:08,164 INFO  [org.jboss.as.ejb3.deployment] (MSC service thread 1-3) WFLYEJB0473: JNDI bindings for session bean named 'MPPSServiceEJB' in deployment unit 'subdeployment "dcm4chee-arc-mpps-5.35.0.jar" of deployment "dcm4chee-arc-ear-5.35.0-psql.ear"' are as follows:

	java:global/dcm4chee-arc/dcm4chee-arc-mpps-5.35.0/MPPSServiceEJB!org.dcm4chee.arc.mpps.impl.MPPSServiceEJB
	java:app/dcm4chee-arc-mpps-5.35.0/MPPSServiceEJB!org.dcm4chee.arc.mpps.impl.MPPSServiceEJB
	java:module/MPPSServiceEJB!org.dcm4chee.arc.mpps.impl.MPPSServiceEJB
	java:global/dcm4chee-arc/dcm4chee-arc-mpps-5.35.0/MPPSServiceEJB
	java:app/dcm4chee-arc-mpps-5.35.0/MPPSServiceEJB
	java:module/MPPSServiceEJB

2026-05-08 11:00:08,362 INFO  [org.jboss.weld.deployer] (MSC service thread 1-9) WFLYWELD0003: Processing weld deployment dcm4chee-arc-hl7-5.35.0.jar
2026-05-08 11:00:08,454 INFO  [org.jboss.weld.deployer] (MSC service thread 1-8) WFLYWELD0003: Processing weld deployment dcm4chee-arc-study-5.35.0.jar
2026-05-08 11:00:08,459 INFO  [org.jboss.as.ejb3.deployment] (MSC service thread 1-8) WFLYEJB0473: JNDI bindings for session bean named 'StudyServiceEJB' in deployment unit 'subdeployment "dcm4chee-arc-study-5.35.0.jar" of deployment "dcm4chee-arc-ear-5.35.0-psql.ear"' are as follows:

	java:global/dcm4chee-arc/dcm4chee-arc-study-5.35.0/StudyServiceEJB!org.dcm4chee.arc.study.impl.StudyServiceEJB
	java:app/dcm4chee-arc-study-5.35.0/StudyServiceEJB!org.dcm4chee.arc.study.impl.StudyServiceEJB
	java:module/StudyServiceEJB!org.dcm4chee.arc.study.impl.StudyServiceEJB
	java:global/dcm4chee-arc/dcm4chee-arc-study-5.35.0/StudyServiceEJB
	java:app/dcm4chee-arc-study-5.35.0/StudyServiceEJB
	java:module/StudyServiceEJB

2026-05-08 11:00:08,501 INFO  [org.jboss.weld.deployer] (MSC service thread 1-6) WFLYWELD0003: Processing weld deployment dcm4chee-arc-compress-5.35.0.jar
2026-05-08 11:00:08,506 INFO  [org.jboss.as.ejb3.deployment] (MSC service thread 1-6) WFLYEJB0473: JNDI bindings for session bean named 'CompressionEJB' in deployment unit 'subdeployment "dcm4chee-arc-compress-5.35.0.jar" of deployment "dcm4chee-arc-ear-5.35.0-psql.ear"' are as follows:

	java:global/dcm4chee-arc/dcm4chee-arc-compress-5.35.0/CompressionEJB!org.dcm4chee.arc.compress.impl.CompressionEJB
	java:app/dcm4chee-arc-compress-5.35.0/CompressionEJB!org.dcm4chee.arc.compress.impl.CompressionEJB
	java:module/CompressionEJB!org.dcm4chee.arc.compress.impl.CompressionEJB
	java:global/dcm4chee-arc/dcm4chee-arc-compress-5.35.0/CompressionEJB
	java:app/dcm4chee-arc-compress-5.35.0/CompressionEJB
	java:module/CompressionEJB

2026-05-08 11:00:08,522 INFO  [org.jboss.weld.deployer] (MSC service thread 1-8) WFLYWELD0003: Processing weld deployment dcm4chee-arc-pdq-scheduler-5.35.0.jar
2026-05-08 11:00:08,527 INFO  [org.jboss.weld.deployer] (MSC service thread 1-9) WFLYWELD0003: Processing weld deployment dcm4chee-arc-service-5.35.0.jar
2026-05-08 11:00:08,528 INFO  [org.jboss.as.clustering.infinispan] (ServerService Thread Pool -- 81) Started hibernate cache container
2026-05-08 11:00:08,538 INFO  [org.jboss.weld.deployer] (MSC service thread 1-3) WFLYWELD0003: Processing weld deployment dcm4chee-arc-query-5.35.0.jar
2026-05-08 11:00:08,537 INFO  [org.jboss.as.ejb3.deployment] (MSC service thread 1-8) WFLYEJB0473: JNDI bindings for session bean named 'PatientVerificationEJB' in deployment unit 'subdeployment "dcm4chee-arc-pdq-scheduler-5.35.0.jar" of deployment "dcm4chee-arc-ear-5.35.0-psql.ear"' are as follows:

	java:global/dcm4chee-arc/dcm4chee-arc-pdq-scheduler-5.35.0/PatientVerificationEJB!org.dcm4chee.arc.pdq.scheduler.PatientVerificationEJB
	java:app/dcm4chee-arc-pdq-scheduler-5.35.0/PatientVerificationEJB!org.dcm4chee.arc.pdq.scheduler.PatientVerificationEJB
	java:module/PatientVerificationEJB!org.dcm4chee.arc.pdq.scheduler.PatientVerificationEJB
	java:global/dcm4chee-arc/dcm4chee-arc-pdq-scheduler-5.35.0/PatientVerificationEJB
	java:app/dcm4chee-arc-pdq-scheduler-5.35.0/PatientVerificationEJB
	java:module/PatientVerificationEJB

2026-05-08 11:00:08,542 INFO  [org.jboss.as.ejb3.deployment] (MSC service thread 1-9) WFLYEJB0473: JNDI bindings for session bean named 'ArchiveServiceImpl' in deployment unit 'subdeployment "dcm4chee-arc-service-5.35.0.jar" of deployment "dcm4chee-arc-ear-5.35.0-psql.ear"' are as follows:

	java:global/dcm4chee-arc/dcm4chee-arc-service-5.35.0/ArchiveServiceImpl!org.dcm4chee.arc.ArchiveService
	java:app/dcm4chee-arc-service-5.35.0/ArchiveServiceImpl!org.dcm4chee.arc.ArchiveService
	java:module/ArchiveServiceImpl!org.dcm4chee.arc.ArchiveService
	java:global/dcm4chee-arc/dcm4chee-arc-service-5.35.0/ArchiveServiceImpl
	java:app/dcm4chee-arc-service-5.35.0/ArchiveServiceImpl
	java:module/ArchiveServiceImpl

2026-05-08 11:00:08,543 INFO  [org.jboss.weld.deployer] (MSC service thread 1-6) WFLYWELD0003: Processing weld deployment dcm4chee-arc-export-storage-5.35.0.jar
2026-05-08 11:00:08,558 INFO  [org.jboss.as.ejb3.deployment] (MSC service thread 1-3) WFLYEJB0473: JNDI bindings for session bean named 'QuerySizeEJB' in deployment unit 'subdeployment "dcm4chee-arc-query-5.35.0.jar" of deployment "dcm4chee-arc-ear-5.35.0-psql.ear"' are as follows:

	java:global/dcm4chee-arc/dcm4chee-arc-query-5.35.0/QuerySizeEJB!org.dcm4chee.arc.query.impl.QuerySizeEJB
	java:app/dcm4chee-arc-query-5.35.0/QuerySizeEJB!org.dcm4chee.arc.query.impl.QuerySizeEJB
	java:module/QuerySizeEJB!org.dcm4chee.arc.query.impl.QuerySizeEJB
	java:global/dcm4chee-arc/dcm4chee-arc-query-5.35.0/QuerySizeEJB
	java:app/dcm4chee-arc-query-5.35.0/QuerySizeEJB
	java:module/QuerySizeEJB

2026-05-08 11:00:08,559 INFO  [org.jboss.as.ejb3.deployment] (MSC service thread 1-3) WFLYEJB0473: JNDI bindings for session bean named 'QueryAttributesEJB' in deployment unit 'subdeployment "dcm4chee-arc-query-5.35.0.jar" of deployment "dcm4chee-arc-ear-5.35.0-psql.ear"' are as follows:

	java:global/dcm4chee-arc/dcm4chee-arc-query-5.35.0/QueryAttributesEJB!org.dcm4chee.arc.query.impl.QueryAttributesEJB
	java:app/dcm4chee-arc-query-5.35.0/QueryAttributesEJB!org.dcm4chee.arc.query.impl.QueryAttributesEJB
	java:module/QueryAttributesEJB!org.dcm4chee.arc.query.impl.QueryAttributesEJB
	java:global/dcm4chee-arc/dcm4chee-arc-query-5.35.0/QueryAttributesEJB
	java:app/dcm4chee-arc-query-5.35.0/QueryAttributesEJB
	java:module/QueryAttributesEJB

2026-05-08 11:00:08,560 INFO  [org.jboss.as.ejb3.deployment] (MSC service thread 1-3) WFLYEJB0473: JNDI bindings for session bean named 'QueryServiceEJB' in deployment unit 'subdeployment "dcm4chee-arc-query-5.35.0.jar" of deployment "dcm4chee-arc-ear-5.35.0-psql.ear"' are as follows:

	java:global/dcm4chee-arc/dcm4chee-arc-query-5.35.0/QueryServiceEJB!org.dcm4chee.arc.query.impl.QueryServiceEJB
	java:app/dcm4chee-arc-query-5.35.0/QueryServiceEJB!org.dcm4chee.arc.query.impl.QueryServiceEJB
	java:module/QueryServiceEJB!org.dcm4chee.arc.query.impl.QueryServiceEJB
	java:global/dcm4chee-arc/dcm4chee-arc-query-5.35.0/QueryServiceEJB
	java:app/dcm4chee-arc-query-5.35.0/QueryServiceEJB
	java:module/QueryServiceEJB

2026-05-08 11:00:08,561 INFO  [org.jboss.as.ejb3.deployment] (MSC service thread 1-3) WFLYEJB0473: JNDI bindings for session bean named 'RunInTransaction' in deployment unit 'subdeployment "dcm4chee-arc-query-5.35.0.jar" of deployment "dcm4chee-arc-ear-5.35.0-psql.ear"' are as follows:

	java:global/dcm4chee-arc/dcm4chee-arc-query-5.35.0/RunInTransaction!org.dcm4chee.arc.query.RunInTransaction
	java:app/dcm4chee-arc-query-5.35.0/RunInTransaction!org.dcm4chee.arc.query.RunInTransaction
	java:module/RunInTransaction!org.dcm4chee.arc.query.RunInTransaction
	java:global/dcm4chee-arc/dcm4chee-arc-query-5.35.0/RunInTransaction
	java:app/dcm4chee-arc-query-5.35.0/RunInTransaction
	java:module/RunInTransaction

2026-05-08 11:00:08,582 INFO  [org.jboss.weld.deployer] (MSC service thread 1-6) WFLYWELD0003: Processing weld deployment dcm4chee-arc-mpps-scu-5.35.0.jar
2026-05-08 11:00:08,582 INFO  [org.jboss.weld.deployer] (MSC service thread 1-8) WFLYWELD0003: Processing weld deployment dcm4chee-arc-metadata-5.35.0.jar
2026-05-08 11:00:08,593 INFO  [org.jboss.as.ejb3.deployment] (MSC service thread 1-8) WFLYEJB0473: JNDI bindings for session bean named 'UpdateMetadataEJB' in deployment unit 'subdeployment "dcm4chee-arc-metadata-5.35.0.jar" of deployment "dcm4chee-arc-ear-5.35.0-psql.ear"' are as follows:

	java:global/dcm4chee-arc/dcm4chee-arc-metadata-5.35.0/UpdateMetadataEJB!org.dcm4chee.arc.metadata.UpdateMetadataEJB
	java:app/dcm4chee-arc-metadata-5.35.0/UpdateMetadataEJB!org.dcm4chee.arc.metadata.UpdateMetadataEJB
	java:module/UpdateMetadataEJB!org.dcm4chee.arc.metadata.UpdateMetadataEJB
	java:global/dcm4chee-arc/dcm4chee-arc-metadata-5.35.0/UpdateMetadataEJB
	java:app/dcm4chee-arc-metadata-5.35.0/UpdateMetadataEJB
	java:module/UpdateMetadataEJB

2026-05-08 11:00:08,607 INFO  [org.jboss.weld.deployer] (MSC service thread 1-9) WFLYWELD0003: Processing weld deployment dcm4chee-arc-keyvalue-5.35.0.jar
2026-05-08 11:00:08,613 INFO  [org.jboss.as.ejb3.deployment] (MSC service thread 1-9) WFLYEJB0473: JNDI bindings for session bean named 'KeyValueServiceEJB' in deployment unit 'subdeployment "dcm4chee-arc-keyvalue-5.35.0.jar" of deployment "dcm4chee-arc-ear-5.35.0-psql.ear"' are as follows:

	java:global/dcm4chee-arc/dcm4chee-arc-keyvalue-5.35.0/KeyValueServiceEJB!org.dcm4chee.arc.keyvalue.KeyValueService
	java:app/dcm4chee-arc-keyvalue-5.35.0/KeyValueServiceEJB!org.dcm4chee.arc.keyvalue.KeyValueService
	java:module/KeyValueServiceEJB!org.dcm4chee.arc.keyvalue.KeyValueService
	java:global/dcm4chee-arc/dcm4chee-arc-keyvalue-5.35.0/KeyValueServiceEJB
	java:app/dcm4chee-arc-keyvalue-5.35.0/KeyValueServiceEJB
	java:module/KeyValueServiceEJB

2026-05-08 11:00:08,638 INFO  [org.jboss.weld.deployer] (MSC service thread 1-3) WFLYWELD0003: Processing weld deployment dcm4chee-arc-export-mgt-5.35.0.jar
2026-05-08 11:00:08,642 INFO  [org.jboss.weld.deployer] (MSC service thread 1-6) WFLYWELD0003: Processing weld deployment dcm4chee-arc-storage-ejb-5.35.0.jar
2026-05-08 11:00:08,644 INFO  [org.jboss.as.ejb3.deployment] (MSC service thread 1-3) WFLYEJB0473: JNDI bindings for session bean named 'ExportManagerEJB' in deployment unit 'subdeployment "dcm4chee-arc-export-mgt-5.35.0.jar" of deployment "dcm4chee-arc-ear-5.35.0-psql.ear"' are as follows:

	java:global/dcm4chee-arc/dcm4chee-arc-export-mgt-5.35.0/ExportManagerEJB!org.dcm4chee.arc.export.mgt.ExportManager
	java:app/dcm4chee-arc-export-mgt-5.35.0/ExportManagerEJB!org.dcm4chee.arc.export.mgt.ExportManager
	java:module/ExportManagerEJB!org.dcm4chee.arc.export.mgt.ExportManager
	java:global/dcm4chee-arc/dcm4chee-arc-export-mgt-5.35.0/ExportManagerEJB
	java:app/dcm4chee-arc-export-mgt-5.35.0/ExportManagerEJB
	java:module/ExportManagerEJB

2026-05-08 11:00:08,649 INFO  [org.jboss.as.ejb3.deployment] (MSC service thread 1-6) WFLYEJB0473: JNDI bindings for session bean named 'StorageEJB' in deployment unit 'subdeployment "dcm4chee-arc-storage-ejb-5.35.0.jar" of deployment "dcm4chee-arc-ear-5.35.0-psql.ear"' are as follows:

	java:global/dcm4chee-arc/dcm4chee-arc-storage-ejb-5.35.0/StorageEJB!org.dcm4chee.arc.storage.ejb.StorageEJB
	java:app/dcm4chee-arc-storage-ejb-5.35.0/StorageEJB!org.dcm4chee.arc.storage.ejb.StorageEJB
	java:module/StorageEJB!org.dcm4chee.arc.storage.ejb.StorageEJB
	java:global/dcm4chee-arc/dcm4chee-arc-storage-ejb-5.35.0/StorageEJB
	java:app/dcm4chee-arc-storage-ejb-5.35.0/StorageEJB
	java:module/StorageEJB

2026-05-08 11:00:08,674 INFO  [org.jboss.weld.deployer] (MSC service thread 1-3) WFLYWELD0003: Processing weld deployment dcm4chee-arc-diff-5.35.0.jar
2026-05-08 11:00:08,680 INFO  [org.jboss.as.ejb3.deployment] (MSC service thread 1-3) WFLYEJB0473: JNDI bindings for session bean named 'DiffServiceEJB' in deployment unit 'subdeployment "dcm4chee-arc-diff-5.35.0.jar" of deployment "dcm4chee-arc-ear-5.35.0-psql.ear"' are as follows:

	java:global/dcm4chee-arc/dcm4chee-arc-diff-5.35.0/DiffServiceEJB!org.dcm4chee.arc.diff.impl.DiffServiceEJB
	java:app/dcm4chee-arc-diff-5.35.0/DiffServiceEJB!org.dcm4chee.arc.diff.impl.DiffServiceEJB
	java:module/DiffServiceEJB!org.dcm4chee.arc.diff.impl.DiffServiceEJB
	java:global/dcm4chee-arc/dcm4chee-arc-diff-5.35.0/DiffServiceEJB
	java:app/dcm4chee-arc-diff-5.35.0/DiffServiceEJB
	java:module/DiffServiceEJB

2026-05-08 11:00:08,743 INFO  [org.jboss.weld.deployer] (MSC service thread 1-6) WFLYWELD0003: Processing weld deployment dcm4chee-arc-patient-5.35.0.jar
2026-05-08 11:00:08,740 INFO  [org.jboss.weld.deployer] (MSC service thread 1-9) WFLYWELD0003: Processing weld deployment dcm4chee-arc-delete-5.35.0.jar
2026-05-08 11:00:08,750 INFO  [org.jboss.as.ejb3.deployment] (MSC service thread 1-9) WFLYEJB0473: JNDI bindings for session bean named 'DeletionServiceEJB' in deployment unit 'subdeployment "dcm4chee-arc-delete-5.35.0.jar" of deployment "dcm4chee-arc-ear-5.35.0-psql.ear"' are as follows:

	java:global/dcm4chee-arc/dcm4chee-arc-delete-5.35.0/DeletionServiceEJB!org.dcm4chee.arc.delete.impl.DeletionServiceEJB
	java:app/dcm4chee-arc-delete-5.35.0/DeletionServiceEJB!org.dcm4chee.arc.delete.impl.DeletionServiceEJB
	java:module/DeletionServiceEJB!org.dcm4chee.arc.delete.impl.DeletionServiceEJB
	java:global/dcm4chee-arc/dcm4chee-arc-delete-5.35.0/DeletionServiceEJB
	java:app/dcm4chee-arc-delete-5.35.0/DeletionServiceEJB
	java:module/DeletionServiceEJB

2026-05-08 11:00:08,751 INFO  [org.jboss.as.ejb3.deployment] (MSC service thread 1-6) WFLYEJB0473: JNDI bindings for session bean named 'PatientServiceEJB' in deployment unit 'subdeployment "dcm4chee-arc-patient-5.35.0.jar" of deployment "dcm4chee-arc-ear-5.35.0-psql.ear"' are as follows:

	java:global/dcm4chee-arc/dcm4chee-arc-patient-5.35.0/PatientServiceEJB!org.dcm4chee.arc.patient.impl.PatientServiceEJB
	java:app/dcm4chee-arc-patient-5.35.0/PatientServiceEJB!org.dcm4chee.arc.patient.impl.PatientServiceEJB
	java:module/PatientServiceEJB!org.dcm4chee.arc.patient.impl.PatientServiceEJB
	java:global/dcm4chee-arc/dcm4chee-arc-patient-5.35.0/PatientServiceEJB
	java:app/dcm4chee-arc-patient-5.35.0/PatientServiceEJB
	java:module/PatientServiceEJB

2026-05-08 11:00:08,774 INFO  [org.jboss.weld.deployer] (MSC service thread 1-6) WFLYWELD0003: Processing weld deployment dcm4chee-arc-study-size-5.35.0.jar
2026-05-08 11:00:08,856 INFO  [org.jboss.weld.deployer] (MSC service thread 1-3) WFLYWELD0003: Processing weld deployment dcm4chee-arc-ups-5.35.0.jar
2026-05-08 11:00:08,849 INFO  [org.jboss.weld.deployer] (MSC service thread 1-8) WFLYWELD0003: Processing weld deployment dcm4chee-arc-stgcmt-5.35.0.jar
2026-05-08 11:00:08,862 INFO  [org.jboss.as.ejb3.deployment] (MSC service thread 1-8) WFLYEJB0473: JNDI bindings for session bean named 'StgCmtEJB' in deployment unit 'subdeployment "dcm4chee-arc-stgcmt-5.35.0.jar" of deployment "dcm4chee-arc-ear-5.35.0-psql.ear"' are as follows:

	java:global/dcm4chee-arc/dcm4chee-arc-stgcmt-5.35.0/StgCmtEJB!org.dcm4chee.arc.stgcmt.impl.StgCmtEJB
	java:app/dcm4chee-arc-stgcmt-5.35.0/StgCmtEJB!org.dcm4chee.arc.stgcmt.impl.StgCmtEJB
	java:module/StgCmtEJB!org.dcm4chee.arc.stgcmt.impl.StgCmtEJB
	java:global/dcm4chee-arc/dcm4chee-arc-stgcmt-5.35.0/StgCmtEJB
	java:app/dcm4chee-arc-stgcmt-5.35.0/StgCmtEJB
	java:module/StgCmtEJB

2026-05-08 11:00:08,870 INFO  [org.jboss.weld.deployer] (MSC service thread 1-6) WFLYWELD0003: Processing weld deployment dcm4chee-arc-restore-5.35.0.jar
2026-05-08 11:00:08,866 INFO  [org.jboss.as.ejb3.deployment] (MSC service thread 1-3) WFLYEJB0473: JNDI bindings for session bean named 'UPSServiceEJB' in deployment unit 'subdeployment "dcm4chee-arc-ups-5.35.0.jar" of deployment "dcm4chee-arc-ear-5.35.0-psql.ear"' are as follows:

	java:global/dcm4chee-arc/dcm4chee-arc-ups-5.35.0/UPSServiceEJB!org.dcm4chee.arc.ups.impl.UPSServiceEJB
	java:app/dcm4chee-arc-ups-5.35.0/UPSServiceEJB!org.dcm4chee.arc.ups.impl.UPSServiceEJB
	java:module/UPSServiceEJB!org.dcm4chee.arc.ups.impl.UPSServiceEJB
	java:global/dcm4chee-arc/dcm4chee-arc-ups-5.35.0/UPSServiceEJB
	java:app/dcm4chee-arc-ups-5.35.0/UPSServiceEJB
	java:module/UPSServiceEJB

2026-05-08 11:00:08,870 INFO  [org.jboss.weld.deployer] (MSC service thread 1-9) WFLYWELD0003: Processing weld deployment dcm4chee-arc-ian-scu-5.35.0.jar
2026-05-08 11:00:08,880 INFO  [org.jboss.as.ejb3.deployment] (MSC service thread 1-6) WFLYEJB0473: JNDI bindings for session bean named 'RestoreFromMetadataEJB' in deployment unit 'subdeployment "dcm4chee-arc-restore-5.35.0.jar" of deployment "dcm4chee-arc-ear-5.35.0-psql.ear"' are as follows:

	java:global/dcm4chee-arc/dcm4chee-arc-restore-5.35.0/RestoreFromMetadataEJB!org.dcm4chee.arc.restore.RestoreFromMetadata
	java:app/dcm4chee-arc-restore-5.35.0/RestoreFromMetadataEJB!org.dcm4chee.arc.restore.RestoreFromMetadata
	java:module/RestoreFromMetadataEJB!org.dcm4chee.arc.restore.RestoreFromMetadata
	java:global/dcm4chee-arc/dcm4chee-arc-restore-5.35.0/RestoreFromMetadataEJB
	java:app/dcm4chee-arc-restore-5.35.0/RestoreFromMetadataEJB
	java:module/RestoreFromMetadataEJB

2026-05-08 11:00:08,883 INFO  [org.jboss.as.ejb3.deployment] (MSC service thread 1-9) WFLYEJB0473: JNDI bindings for session bean named 'IANEJB' in deployment unit 'subdeployment "dcm4chee-arc-ian-scu-5.35.0.jar" of deployment "dcm4chee-arc-ear-5.35.0-psql.ear"' are as follows:

	java:global/dcm4chee-arc/dcm4chee-arc-ian-scu-5.35.0/IANEJB!org.dcm4chee.arc.ian.scu.impl.IANEJB
	java:app/dcm4chee-arc-ian-scu-5.35.0/IANEJB!org.dcm4chee.arc.ian.scu.impl.IANEJB
	java:module/IANEJB!org.dcm4chee.arc.ian.scu.impl.IANEJB
	java:global/dcm4chee-arc/dcm4chee-arc-ian-scu-5.35.0/IANEJB
	java:app/dcm4chee-arc-ian-scu-5.35.0/IANEJB
	java:module/IANEJB

2026-05-08 11:00:08,921 INFO  [org.jboss.weld.deployer] (MSC service thread 1-3) WFLYWELD0003: Processing weld deployment dcm4chee-arc-qmgt-5.35.0.jar
2026-05-08 11:00:08,929 INFO  [org.jboss.weld.deployer] (MSC service thread 1-6) WFLYWELD0003: Processing weld deployment dcm4chee-arc-xsl-cda-5.35.0.war
2026-05-08 11:00:08,935 INFO  [org.jboss.as.ejb3.deployment] (MSC service thread 1-3) WFLYEJB0473: JNDI bindings for session bean named 'TaskManagerEJB' in deployment unit 'subdeployment "dcm4chee-arc-qmgt-5.35.0.jar" of deployment "dcm4chee-arc-ear-5.35.0-psql.ear"' are as follows:

	java:global/dcm4chee-arc/dcm4chee-arc-qmgt-5.35.0/TaskManagerEJB!org.dcm4chee.arc.qmgt.impl.TaskManagerEJB
	java:app/dcm4chee-arc-qmgt-5.35.0/TaskManagerEJB!org.dcm4chee.arc.qmgt.impl.TaskManagerEJB
	java:module/TaskManagerEJB!org.dcm4chee.arc.qmgt.impl.TaskManagerEJB
	java:global/dcm4chee-arc/dcm4chee-arc-qmgt-5.35.0/TaskManagerEJB
	java:app/dcm4chee-arc-qmgt-5.35.0/TaskManagerEJB
	java:module/TaskManagerEJB

2026-05-08 11:00:08,951 INFO  [org.jboss.weld.deployer] (MSC service thread 1-8) WFLYWELD0003: Processing weld deployment dcm4chee-arc-code-5.35.0.jar
2026-05-08 11:00:08,961 INFO  [org.jboss.as.ejb3.deployment] (MSC service thread 1-8) WFLYEJB0473: JNDI bindings for session bean named 'CodeServiceEJB' in deployment unit 'subdeployment "dcm4chee-arc-code-5.35.0.jar" of deployment "dcm4chee-arc-ear-5.35.0-psql.ear"' are as follows:

	java:global/dcm4chee-arc/dcm4chee-arc-code-5.35.0/CodeServiceEJB!org.dcm4chee.arc.code.impl.CodeServiceEJB
	java:app/dcm4chee-arc-code-5.35.0/CodeServiceEJB!org.dcm4chee.arc.code.impl.CodeServiceEJB
	java:module/CodeServiceEJB!org.dcm4chee.arc.code.impl.CodeServiceEJB
	java:global/dcm4chee-arc/dcm4chee-arc-code-5.35.0/CodeServiceEJB
	java:app/dcm4chee-arc-code-5.35.0/CodeServiceEJB
	java:module/CodeServiceEJB

2026-05-08 11:00:08,979 INFO  [org.jboss.weld.deployer] (MSC service thread 1-2) WFLYWELD0003: Processing weld deployment dcm4chee-arc-id-5.35.0.jar
2026-05-08 11:00:08,986 INFO  [org.jboss.as.ejb3.deployment] (MSC service thread 1-2) WFLYEJB0473: JNDI bindings for session bean named 'IDServiceEJB' in deployment unit 'subdeployment "dcm4chee-arc-id-5.35.0.jar" of deployment "dcm4chee-arc-ear-5.35.0-psql.ear"' are as follows:

	java:global/dcm4chee-arc/dcm4chee-arc-id-5.35.0/IDServiceEJB!org.dcm4chee.arc.id.impl.IDServiceEJB
	java:app/dcm4chee-arc-id-5.35.0/IDServiceEJB!org.dcm4chee.arc.id.impl.IDServiceEJB
	java:module/IDServiceEJB!org.dcm4chee.arc.id.impl.IDServiceEJB
	java:global/dcm4chee-arc/dcm4chee-arc-id-5.35.0/IDServiceEJB
	java:app/dcm4chee-arc-id-5.35.0/IDServiceEJB
	java:module/IDServiceEJB

2026-05-08 11:00:09,008 INFO  [org.jboss.weld.deployer] (MSC service thread 1-9) WFLYWELD0003: Processing weld deployment dcm4chee-arc-hl7-psu-5.35.0.jar
2026-05-08 11:00:09,020 INFO  [org.jboss.weld.deployer] (MSC service thread 1-8) WFLYWELD0003: Processing weld deployment dcm4chee-arc-qstar-scheduler-5.35.0.jar
2026-05-08 11:00:09,035 INFO  [org.jboss.as.ejb3.deployment] (MSC service thread 1-8) WFLYEJB0473: JNDI bindings for session bean named 'QStarVerificationEJB' in deployment unit 'subdeployment "dcm4chee-arc-qstar-scheduler-5.35.0.jar" of deployment "dcm4chee-arc-ear-5.35.0-psql.ear"' are as follows:

	java:global/dcm4chee-arc/dcm4chee-arc-qstar-scheduler-5.35.0/QStarVerificationEJB!org.dcm4chee.arc.qstar.scheduler.QStarVerificationEJB
	java:app/dcm4chee-arc-qstar-scheduler-5.35.0/QStarVerificationEJB!org.dcm4chee.arc.qstar.scheduler.QStarVerificationEJB
	java:module/QStarVerificationEJB!org.dcm4chee.arc.qstar.scheduler.QStarVerificationEJB
	java:global/dcm4chee-arc/dcm4chee-arc-qstar-scheduler-5.35.0/QStarVerificationEJB
	java:app/dcm4chee-arc-qstar-scheduler-5.35.0/QStarVerificationEJB
	java:module/QStarVerificationEJB

2026-05-08 11:00:09,038 INFO  [org.jboss.weld.deployer] (MSC service thread 1-3) WFLYWELD0003: Processing weld deployment dcm4chee-arc-fhir-client-5.35.0.jar
2026-05-08 11:00:09,029 INFO  [org.jboss.as.ejb3.deployment] (MSC service thread 1-9) WFLYEJB0473: JNDI bindings for session bean named 'HL7PSUEJB' in deployment unit 'subdeployment "dcm4chee-arc-hl7-psu-5.35.0.jar" of deployment "dcm4chee-arc-ear-5.35.0-psql.ear"' are as follows:

	java:global/dcm4chee-arc/dcm4chee-arc-hl7-psu-5.35.0/HL7PSUEJB!org.dcm4chee.arc.hl7.psu.HL7PSUEJB
	java:app/dcm4chee-arc-hl7-psu-5.35.0/HL7PSUEJB!org.dcm4chee.arc.hl7.psu.HL7PSUEJB
	java:module/HL7PSUEJB!org.dcm4chee.arc.hl7.psu.HL7PSUEJB
	java:global/dcm4chee-arc/dcm4chee-arc-hl7-psu-5.35.0/HL7PSUEJB
	java:app/dcm4chee-arc-hl7-psu-5.35.0/HL7PSUEJB
	java:module/HL7PSUEJB

2026-05-08 11:00:09,083 INFO  [org.jboss.weld.deployer] (MSC service thread 1-7) WFLYWELD0003: Processing weld deployment dcm4chee-arc-retrieve-mgt-5.35.0.jar
2026-05-08 11:00:09,088 INFO  [org.jboss.as.ejb3.deployment] (MSC service thread 1-7) WFLYEJB0473: JNDI bindings for session bean named 'RetrieveManagerEJB' in deployment unit 'subdeployment "dcm4chee-arc-retrieve-mgt-5.35.0.jar" of deployment "dcm4chee-arc-ear-5.35.0-psql.ear"' are as follows:

	java:global/dcm4chee-arc/dcm4chee-arc-retrieve-mgt-5.35.0/RetrieveManagerEJB!org.dcm4chee.arc.retrieve.mgt.impl.RetrieveManagerEJB
	java:app/dcm4chee-arc-retrieve-mgt-5.35.0/RetrieveManagerEJB!org.dcm4chee.arc.retrieve.mgt.impl.RetrieveManagerEJB
	java:module/RetrieveManagerEJB!org.dcm4chee.arc.retrieve.mgt.impl.RetrieveManagerEJB
	java:global/dcm4chee-arc/dcm4chee-arc-retrieve-mgt-5.35.0/RetrieveManagerEJB
	java:app/dcm4chee-arc-retrieve-mgt-5.35.0/RetrieveManagerEJB
	java:module/RetrieveManagerEJB

2026-05-08 11:00:09,107 INFO  [org.jboss.weld.deployer] (MSC service thread 1-2) WFLYWELD0003: Processing weld deployment dcm4chee-arc-retrieve-5.35.0.jar
2026-05-08 11:00:09,111 INFO  [org.jboss.as.ejb3.deployment] (MSC service thread 1-2) WFLYEJB0473: JNDI bindings for session bean named 'RetrieveServiceEJB' in deployment unit 'subdeployment "dcm4chee-arc-retrieve-5.35.0.jar" of deployment "dcm4chee-arc-ear-5.35.0-psql.ear"' are as follows:

	java:global/dcm4chee-arc/dcm4chee-arc-retrieve-5.35.0/RetrieveServiceEJB!org.dcm4chee.arc.retrieve.impl.RetrieveServiceEJB
	java:app/dcm4chee-arc-retrieve-5.35.0/RetrieveServiceEJB!org.dcm4chee.arc.retrieve.impl.RetrieveServiceEJB
	java:module/RetrieveServiceEJB!org.dcm4chee.arc.retrieve.impl.RetrieveServiceEJB
	java:global/dcm4chee-arc/dcm4chee-arc-retrieve-5.35.0/RetrieveServiceEJB
	java:app/dcm4chee-arc-retrieve-5.35.0/RetrieveServiceEJB
	java:module/RetrieveServiceEJB

2026-05-08 11:00:09,140 INFO  [org.jboss.weld.deployer] (MSC service thread 1-8) WFLYWELD0003: Processing weld deployment dcm4chee-arc-procedure-5.35.0.jar
2026-05-08 11:00:09,148 INFO  [org.jboss.as.ejb3.deployment] (MSC service thread 1-8) WFLYEJB0473: JNDI bindings for session bean named 'ProcedureServiceEJB' in deployment unit 'subdeployment "dcm4chee-arc-procedure-5.35.0.jar" of deployment "dcm4chee-arc-ear-5.35.0-psql.ear"' are as follows:

	java:global/dcm4chee-arc/dcm4chee-arc-procedure-5.35.0/ProcedureServiceEJB!org.dcm4chee.arc.procedure.impl.ProcedureServiceEJB
	java:app/dcm4chee-arc-procedure-5.35.0/ProcedureServiceEJB!org.dcm4chee.arc.procedure.impl.ProcedureServiceEJB
	java:module/ProcedureServiceEJB!org.dcm4chee.arc.procedure.impl.ProcedureServiceEJB
	java:global/dcm4chee-arc/dcm4chee-arc-procedure-5.35.0/ProcedureServiceEJB
	java:app/dcm4chee-arc-procedure-5.35.0/ProcedureServiceEJB
	java:module/ProcedureServiceEJB

2026-05-08 11:00:09,154 INFO  [org.jboss.as.jpa] (ServerService Thread Pool -- 81) WFLYJPA0010: Starting Persistence Unit (phase 1 of 2) Service 'dcm4chee-arc-ear-5.35.0-psql.ear#dcm4chee-arc'
2026-05-08 11:00:09,302 INFO  [org.jipijapa] (MSC service thread 1-4) JIPIORMV6020260: Second level cache enabled for dcm4chee-arc-ear-5.35.0-psql.ear#dcm4chee-arc
2026-05-08 11:00:09,314 INFO  [org.hibernate.jpa.internal.util.LogHelper] (ServerService Thread Pool -- 81) HHH000204: Processing PersistenceUnitInfo [name: dcm4chee-arc]
2026-05-08 11:00:09,692 INFO  [org.hibernate.Version] (ServerService Thread Pool -- 81) HHH000412: Hibernate ORM core version 6.6.40.Final
2026-05-08 11:00:11,752 WARN  [org.hibernate.dialect.Dialect] (ServerService Thread Pool -- 81) HHH000511: The 10.5.0 version for [org.hibernate.dialect.PostgreSQLDialect] is no longer supported, hence certain features may not work properly. The minimum supported version is 12.0.0. Check the community dialects project for available legacy versions.
2026-05-08 11:00:11,903 INFO  [org.jboss.weld.Version] (MSC service thread 1-4) WELD-000900: 5.1.6 (Final)
2026-05-08 11:00:11,968 INFO  [org.hibernate.orm.connections.pooling] (ServerService Thread Pool -- 81) HHH10001005: Database info:
	Database JDBC URL [Connecting through datasource 'org.jboss.as.connector.subsystems.datasources.WildFlyDataSource@b22bd82']
	Database driver: undefined/unknown
	Database version: 10.5
	Autocommit mode: undefined/unknown
	Isolation level: undefined/unknown
	Minimum pool size: undefined/unknown
	Maximum pool size: undefined/unknown
2026-05-08 11:00:12,137 INFO  [org.hibernate.cache.internal.RegionFactoryInitiator] (ServerService Thread Pool -- 81) HHH000025: Second-level cache region factory [org.infinispan.hibernate.cache.v6.InfinispanRegionFactory]
2026-05-08 11:00:13,309 INFO  [org.jboss.ws.cxf.metadata] (MSC service thread 1-7) JBWS024061: Adding service endpoint metadata: id=org.dcm4chee.arc.retrieve.xdsi.ImageDocumentSource
 address=http://172.22.0.3:8080/dcm4chee-arc/xdsi/ImagingDocumentSource
 implementor=org.dcm4chee.arc.retrieve.xdsi.ImageDocumentSource
 serviceName={urn:ihe:rad:xdsi-b:2009}ImagingDocumentSource
 portName={urn:ihe:rad:xdsi-b:2009}ImagingDocumentSource_Port_Soap12
 annotationWsdlLocation=/wsdl/XDS-I.b_ImagingDocumentSource.wsdl
 wsdlLocationOverride=null
 mtomEnabled=true
2026-05-08 11:00:13,600 INFO  [org.hibernate.envers.boot.internal.EnversServiceImpl] (ServerService Thread Pool -- 81) Envers integration enabled? : true
2026-05-08 11:00:18,008 INFO  [org.jboss.as.jpa] (ServerService Thread Pool -- 81) WFLYJPA0010: Starting Persistence Unit (phase 2 of 2) Service 'dcm4chee-arc-ear-5.35.0-psql.ear#dcm4chee-arc'
2026-05-08 11:00:18,036 INFO  [org.apache.cxf.wsdl.service.factory.ReflectionServiceFactoryBean] (MSC service thread 1-7) Creating Service {urn:ihe:rad:xdsi-b:2009}ImagingDocumentSource from WSDL: /wsdl/XDS-I.b_ImagingDocumentSource.wsdl
2026-05-08 11:00:21,257 INFO  [org.apache.cxf.endpoint.ServerImpl] (MSC service thread 1-7) Setting the server's publish address to be http://172.22.0.3:8080/dcm4chee-arc/xdsi/ImagingDocumentSource
2026-05-08 11:00:21,657 INFO  [org.jboss.ws.cxf.deployment] (MSC service thread 1-7) JBWS024074: WSDL published to: file:/opt/wildfly/standalone/data/wsdl/dcm4chee-arc-ear-5.35.0-psql.ear/dcm4chee-arc-retrieve-xdsi-5.35.0.war/wsdl/XDS-I.b_ImagingDocumentSource.wsdl
2026-05-08 11:00:23,572 INFO  [org.jboss.as.webservices] (MSC service thread 1-9) WFLYWS0003: Starting service jboss.ws.endpoint."dcm4chee-arc-ear-5.35.0-psql.ear"."dcm4chee-arc-retrieve-xdsi-5.35.0.war"."org.dcm4chee.arc.retrieve.xdsi.ImageDocumentSource"
2026-05-08 11:00:41,148 INFO  [io.undertow.websockets.jsr] (ServerService Thread Pool -- 94) UT026003: Adding annotated server endpoint class org.dcm4chee.arc.ups.rs.EventReportSender for path /aets/{AETitle}/ws/subscribers/{SubscriberAET}
2026-05-08 11:00:41,249 INFO  [org.wildfly.extension.undertow] (ServerService Thread Pool -- 94) WFLYUT0021: Registered web context: '/dcm4chee-arc' for server 'default-server'
2026-05-08 11:00:41,250 INFO  [org.wildfly.extension.undertow] (ServerService Thread Pool -- 90) WFLYUT0021: Registered web context: '/dcm4chee-arc/xsl' for server 'default-server'
2026-05-08 11:00:41,252 INFO  [org.wildfly.extension.undertow] (ServerService Thread Pool -- 95) WFLYUT0021: Registered web context: '/dcm4chee-arc/xdsi' for server 'default-server'
2026-05-08 11:00:41,252 INFO  [org.wildfly.extension.undertow] (ServerService Thread Pool -- 92) WFLYUT0021: Registered web context: '/dcm4chee-proxy' for server 'default-server'
2026-05-08 11:00:41,332 ERROR [org.jboss.msc.service.fail] (ServerService Thread Pool -- 96) MSC000001: Failed to start service jboss.deployment.subunit."dcm4chee-arc-ear-5.35.0-psql.ear"."dcm4chee-arc-service-5.35.0.jar".component.ArchiveServiceImpl.START: org.jboss.msc.service.StartException in service jboss.deployment.subunit."dcm4chee-arc-ear-5.35.0-psql.ear"."dcm4chee-arc-service-5.35.0.jar".component.ArchiveServiceImpl.START: java.lang.IllegalStateException: WFLYEE0042: Failed to construct component instance
	at org.jboss.as.ee@39.0.1.Final//org.jboss.as.ee.component.ComponentStartService$1.run(ComponentStartService.java:40)
	at java.base/java.util.concurrent.Executors$RunnableAdapter.call(Executors.java:572)
	at java.base/java.util.concurrent.FutureTask.run(FutureTask.java:317)
	at org.jboss.threads@3.9.2//org.jboss.threads.ContextHandler$1.runWith(ContextHandler.java:18)
	at org.jboss.threads@3.9.2//org.jboss.threads.EnhancedQueueExecutor$Task.doRunWith(EnhancedQueueExecutor.java:2651)
	at org.jboss.threads@3.9.2//org.jboss.threads.EnhancedQueueExecutor$Task.run(EnhancedQueueExecutor.java:2630)
	at org.jboss.threads@3.9.2//org.jboss.threads.EnhancedQueueExecutor.runThreadBody(EnhancedQueueExecutor.java:1622)
	at org.jboss.threads@3.9.2//org.jboss.threads.EnhancedQueueExecutor$ThreadBody.run(EnhancedQueueExecutor.java:1589)
	at java.base/java.lang.Thread.run(Thread.java:1583)
	at org.jboss.threads@3.9.2//org.jboss.threads.JBossThread.run(JBossThread.java:501)
Caused by: java.lang.IllegalStateException: WFLYEE0042: Failed to construct component instance
	at org.jboss.as.ee@39.0.1.Final//org.jboss.as.ee.component.BasicComponent.constructComponentInstance(BasicComponent.java:153)
	at org.jboss.as.ee@39.0.1.Final//org.jboss.as.ee.component.BasicComponent.constructComponentInstance(BasicComponent.java:124)
	at org.jboss.as.ee@39.0.1.Final//org.jboss.as.ee.component.BasicComponent.createInstance(BasicComponent.java:71)
	at org.jboss.as.ejb3@39.0.1.Final//org.jboss.as.ejb3.component.singleton.SingletonComponent.getComponentInstance(SingletonComponent.java:110)
	at org.jboss.as.ejb3@39.0.1.Final//org.jboss.as.ejb3.component.singleton.SingletonComponent.start(SingletonComponent.java:124)
	at org.jboss.as.ee@39.0.1.Final//org.jboss.as.ee.component.ComponentStartService$1.run(ComponentStartService.java:37)
	... 9 more
Caused by: jakarta.ejb.EJBException: org.jboss.weld.exceptions.WeldException: WELD-000049: Unable to invoke private void org.dcm4chee.arc.impl.ArchiveDeviceProducer.init() on org.dcm4chee.arc.impl.ArchiveDeviceProducer@4505ac80
	at org.jboss.as.ejb3@39.0.1.Final//org.jboss.as.ejb3.tx.CMTTxInterceptor.invokeInOurTx(CMTTxInterceptor.java:251)
	at org.jboss.as.ejb3@39.0.1.Final//org.jboss.as.ejb3.tx.CMTTxInterceptor.requiresNew(CMTTxInterceptor.java:399)
	at org.jboss.as.ejb3@39.0.1.Final//org.jboss.as.ejb3.tx.LifecycleCMTTxInterceptor.processInvocation(LifecycleCMTTxInterceptor.java:51)
	at org.jboss.invocation@2.0.1.Final//org.jboss.invocation.InterceptorContext.proceed(InterceptorContext.java:422)
	at org.jboss.as.weld@39.0.1.Final//org.jboss.as.weld.injection.WeldInjectionContextInterceptor.processInvocation(WeldInjectionContextInterceptor.java:26)
	at org.jboss.invocation@2.0.1.Final//org.jboss.invocation.InterceptorContext.proceed(InterceptorContext.java:422)
	at org.jboss.as.ejb3@39.0.1.Final//org.jboss.as.ejb3.component.interceptors.CurrentInvocationContextInterceptor.processInvocation(CurrentInvocationContextInterceptor.java:24)
	at org.jboss.invocation@2.0.1.Final//org.jboss.invocation.InterceptorContext.proceed(InterceptorContext.java:422)
	at org.wildfly.concurrency@39.0.1.Final//org.jboss.as.ee.concurrent.ConcurrentContextInterceptor.processInvocation(ConcurrentContextInterceptor.java:28)
	at org.jboss.invocation@2.0.1.Final//org.jboss.invocation.InterceptorContext.proceed(InterceptorContext.java:422)
	at org.jboss.invocation@2.0.1.Final//org.jboss.invocation.ContextClassLoaderInterceptor.processInvocation(ContextClassLoaderInterceptor.java:60)
	at org.jboss.invocation@2.0.1.Final//org.jboss.invocation.InterceptorContext.proceed(InterceptorContext.java:422)
	at org.jboss.as.ejb3@39.0.1.Final//org.jboss.as.ejb3.component.singleton.StartupCountDownInterceptor.processInvocation(StartupCountDownInterceptor.java:30)
	at org.jboss.invocation@2.0.1.Final//org.jboss.invocation.InterceptorContext.proceed(InterceptorContext.java:422)
	at org.jboss.invocation@2.0.1.Final//org.jboss.invocation.ChainedInterceptor.processInvocation(ChainedInterceptor.java:53)
	at org.jboss.as.ee@39.0.1.Final//org.jboss.as.ee.component.BasicComponent.constructComponentInstance(BasicComponent.java:151)
	... 14 more
Caused by: org.jboss.weld.exceptions.WeldException: WELD-000049: Unable to invoke private void org.dcm4chee.arc.impl.ArchiveDeviceProducer.init() on org.dcm4chee.arc.impl.ArchiveDeviceProducer@4505ac80
	at org.jboss.weld.core@5.1.6.Final//org.jboss.weld.injection.producer.DefaultLifecycleCallbackInvoker.invokeMethods(DefaultLifecycleCallbackInvoker.java:87)
	at org.jboss.weld.core@5.1.6.Final//org.jboss.weld.injection.producer.DefaultLifecycleCallbackInvoker.postConstruct(DefaultLifecycleCallbackInvoker.java:68)
	at org.jboss.weld.core@5.1.6.Final//org.jboss.weld.injection.producer.BasicInjectionTarget.postConstruct(BasicInjectionTarget.java:131)
	at org.jboss.weld.core@5.1.6.Final//org.jboss.weld.bean.ManagedBean.create(ManagedBean.java:178)
	at org.jboss.weld.core@5.1.6.Final//org.jboss.weld.contexts.AbstractContext.get(AbstractContext.java:96)
	at org.jboss.weld.core@5.1.6.Final//org.jboss.weld.bean.ContextualInstanceStrategy$DefaultContextualInstanceStrategy.get(ContextualInstanceStrategy.java:106)
	at org.jboss.weld.core@5.1.6.Final//org.jboss.weld.bean.ContextualInstanceStrategy$ApplicationScopedContextualInstanceStrategy.get(ContextualInstanceStrategy.java:152)
	at org.jboss.weld.core@5.1.6.Final//org.jboss.weld.bean.ContextualInstance.get(ContextualInstance.java:50)
	at org.jboss.weld.core@5.1.6.Final//org.jboss.weld.manager.BeanManagerImpl.getReference(BeanManagerImpl.java:706)
	at org.jboss.weld.core@5.1.6.Final//org.jboss.weld.injection.producer.AbstractMemberProducer.getReceiver(AbstractMemberProducer.java:128)
	at org.jboss.weld.core@5.1.6.Final//org.jboss.weld.injection.producer.AbstractMemberProducer.produce(AbstractMemberProducer.java:164)
	at org.jboss.weld.core@5.1.6.Final//org.jboss.weld.bean.AbstractProducerBean.create(AbstractProducerBean.java:187)
	at org.jboss.weld.core@5.1.6.Final//org.jboss.weld.contexts.unbound.DependentContextImpl.get(DependentContextImpl.java:64)
	at org.jboss.weld.core@5.1.6.Final//org.jboss.weld.bean.ContextualInstanceStrategy$DefaultContextualInstanceStrategy.get(ContextualInstanceStrategy.java:106)
	at org.jboss.weld.core@5.1.6.Final//org.jboss.weld.bean.ContextualInstance.get(ContextualInstance.java:50)
	at org.jboss.weld.core@5.1.6.Final//org.jboss.weld.manager.BeanManagerImpl.getReference(BeanManagerImpl.java:706)
	at org.jboss.weld.core@5.1.6.Final//org.jboss.weld.manager.BeanManagerImpl.getInjectableReference(BeanManagerImpl.java:813)
	at org.jboss.weld.core@5.1.6.Final//org.jboss.weld.injection.FieldInjectionPoint.inject(FieldInjectionPoint.java:93)
	at org.jboss.weld.core@5.1.6.Final//org.jboss.weld.util.Beans.injectBoundFields(Beans.java:357)
	at org.jboss.weld.core@5.1.6.Final//org.jboss.weld.util.Beans.injectFieldsAndInitializers(Beans.java:368)
	at org.jboss.weld.core@5.1.6.Final//org.jboss.weld.injection.producer.DefaultInjector$1.proceed(DefaultInjector.java:72)
	at org.jboss.weld.core@5.1.6.Final//org.jboss.weld.injection.InjectionContextImpl.run(InjectionContextImpl.java:49)
	at org.jboss.weld.core@5.1.6.Final//org.jboss.weld.injection.producer.DefaultInjector.inject(DefaultInjector.java:74)
	at org.jboss.weld.core@5.1.6.Final//org.jboss.weld.module.ejb.DynamicInjectionPointInjector.inject(DynamicInjectionPointInjector.java:63)
	at org.jboss.weld.core@5.1.6.Final//org.jboss.weld.module.ejb.SessionBeanInjectionTarget.inject(SessionBeanInjectionTarget.java:146)
	at org.jboss.as.weld@39.0.1.Final//org.jboss.as.weld.injection.WeldInjectionContext.inject(WeldInjectionContext.java:44)
	at org.jboss.as.weld@39.0.1.Final//org.jboss.as.weld.injection.WeldInjectionInterceptor.processInvocation(WeldInjectionInterceptor.java:34)
	at org.jboss.invocation@2.0.1.Final//org.jboss.invocation.InterceptorContext.proceed(InterceptorContext.java:422)
	at org.jboss.as.ee@39.0.1.Final//org.jboss.as.ee.component.ManagedReferenceFieldInjectionInterceptorFactory$ManagedReferenceFieldInjectionInterceptor.processInvocation(ManagedReferenceFieldInjectionInterceptorFactory.java:95)
	at org.jboss.invocation@2.0.1.Final//org.jboss.invocation.InterceptorContext.proceed(InterceptorContext.java:422)
	at org.jboss.as.ee@39.0.1.Final//org.jboss.as.ee.component.ManagedReferenceFieldInjectionInterceptorFactory$ManagedReferenceFieldInjectionInterceptor.processInvocation(ManagedReferenceFieldInjectionInterceptorFactory.java:95)
	at org.jboss.invocation@2.0.1.Final//org.jboss.invocation.InterceptorContext.proceed(InterceptorContext.java:422)
	at org.jboss.as.ee@39.0.1.Final//org.jboss.as.ee.component.AroundConstructInterceptorFactory$1.processInvocation(AroundConstructInterceptorFactory.java:33)
	at org.jboss.invocation@2.0.1.Final//org.jboss.invocation.InterceptorContext.proceed(InterceptorContext.java:422)
	at org.jboss.as.weld@39.0.1.Final//org.jboss.as.weld.injection.WeldInterceptorInjectionInterceptor.processInvocation(WeldInterceptorInjectionInterceptor.java:39)
	at org.jboss.invocation@2.0.1.Final//org.jboss.invocation.InterceptorContext.proceed(InterceptorContext.java:422)
	at org.jboss.as.weld@39.0.1.Final//org.jboss.as.weld.interceptors.Jsr299BindingsCreateInterceptor.processInvocation(Jsr299BindingsCreateInterceptor.java:94)
	at org.jboss.invocation@2.0.1.Final//org.jboss.invocation.InterceptorContext.proceed(InterceptorContext.java:422)
	at org.jboss.as.ee@39.0.1.Final//org.jboss.as.ee.component.NamespaceContextInterceptor.processInvocation(NamespaceContextInterceptor.java:33)
	at org.jboss.invocation@2.0.1.Final//org.jboss.invocation.InterceptorContext.proceed(InterceptorContext.java:422)
	at org.jboss.as.ejb3@39.0.1.Final//org.jboss.as.ejb3.tx.CMTTxInterceptor.invokeInOurTx(CMTTxInterceptor.java:237)
	... 29 more
Caused by: java.lang.reflect.InvocationTargetException
	at java.base/jdk.internal.reflect.DirectMethodHandleAccessor.invoke(DirectMethodHandleAccessor.java:118)
	at java.base/java.lang.reflect.Method.invoke(Method.java:580)
	at org.jboss.weld.core@5.1.6.Final//org.jboss.weld.injection.producer.DefaultLifecycleCallbackInvoker.invokeMethods(DefaultLifecycleCallbackInvoker.java:85)
	... 69 more
Caused by: jakarta.enterprise.inject.CreationException
	at java.base/jdk.internal.reflect.DirectConstructorHandleAccessor.newInstance(DirectConstructorHandleAccessor.java:62)
	at java.base/java.lang.reflect.Constructor.newInstanceWithCaller(Constructor.java:502)
	at java.base/java.lang.reflect.Constructor.newInstance(Constructor.java:486)
	at org.jboss.weld.core@5.1.6.Final//org.jboss.weld.security.NewInstanceAction.run(NewInstanceAction.java:40)
	at java.base/java.security.AccessController.doPrivileged(AccessController.java:571)
	at org.jboss.weld.core@5.1.6.Final//org.jboss.weld.injection.Exceptions.rethrowException(Exceptions.java:40)
	at org.jboss.weld.core@5.1.6.Final//org.jboss.weld.injection.Exceptions.rethrowException(Exceptions.java:79)
	at org.jboss.weld.core@5.1.6.Final//org.jboss.weld.injection.StaticMethodInjectionPoint.invoke(StaticMethodInjectionPoint.java:107)
	at org.jboss.weld.core@5.1.6.Final//org.jboss.weld.injection.StaticMethodInjectionPoint.invoke(StaticMethodInjectionPoint.java:88)
	at org.jboss.weld.core@5.1.6.Final//org.jboss.weld.injection.producer.ProducerMethodProducer.produce(ProducerMethodProducer.java:109)
	at org.jboss.weld.core@5.1.6.Final//org.jboss.weld.injection.producer.AbstractMemberProducer.produce(AbstractMemberProducer.java:167)
	at org.jboss.weld.core@5.1.6.Final//org.jboss.weld.bean.AbstractProducerBean.create(AbstractProducerBean.java:187)
	at org.jboss.weld.core@5.1.6.Final//org.jboss.weld.contexts.AbstractContext.get(AbstractContext.java:96)
	at org.jboss.weld.core@5.1.6.Final//org.jboss.weld.bean.ContextualInstanceStrategy$DefaultContextualInstanceStrategy.get(ContextualInstanceStrategy.java:106)
	at org.jboss.weld.core@5.1.6.Final//org.jboss.weld.bean.ContextualInstanceStrategy$ApplicationScopedContextualInstanceStrategy.get(ContextualInstanceStrategy.java:152)
	at org.jboss.weld.core@5.1.6.Final//org.jboss.weld.bean.ContextualInstance.get(ContextualInstance.java:50)
	at org.jboss.weld.core@5.1.6.Final//org.jboss.weld.bean.proxy.ContextBeanInstance.getInstance(ContextBeanInstance.java:101)
	at org.jboss.weld.core@5.1.6.Final//org.jboss.weld.bean.proxy.ProxyMethodHandler.invoke(ProxyMethodHandler.java:108)
	at deployment.dcm4chee-arc-ear-5.35.0-psql.ear//org.dcm4che3.conf.api.DicomConfiguration$Closeable$AutoCloseable$1640537632$Proxy$_$$_WeldClientProxy.findDevice(Unknown Source)
	at deployment.dcm4chee-arc-ear-5.35.0-psql.ear.dcm4chee-arc-service-5.35.0.jar//org.dcm4chee.arc.impl.ArchiveDeviceProducer.findDevice(ArchiveDeviceProducer.java:166)
	at deployment.dcm4chee-arc-ear-5.35.0-psql.ear.dcm4chee-arc-service-5.35.0.jar//org.dcm4chee.arc.impl.ArchiveDeviceProducer.init(ArchiveDeviceProducer.java:106)
	at java.base/jdk.internal.reflect.DirectMethodHandleAccessor.invoke(DirectMethodHandleAccessor.java:103)
	... 71 more
Caused by: org.dcm4che3.conf.api.ConfigurationException: javax.naming.AuthenticationException: [LDAP: error code 49 - Invalid Credentials]
	at org.dcm4che.conf.ldap@5.35.0//org.dcm4che3.conf.ldap.LdapDicomConfiguration.<init>(LdapDicomConfiguration.java:144)
	at deployment.dcm4chee-arc-ear-5.35.0-psql.ear//org.dcm4chee.arc.conf.ldap.LdapArchiveConfigurationFactory.newLdapDicomConfiguration(LdapArchiveConfigurationFactory.java:138)
	at deployment.dcm4chee-arc-ear-5.35.0-psql.ear//org.dcm4chee.arc.conf.ldap.LdapArchiveConfigurationFactory.newLdapDicomConfiguration(LdapArchiveConfigurationFactory.java:129)
	at deployment.dcm4chee-arc-ear-5.35.0-psql.ear//org.dcm4chee.arc.conf.ldap.LdapArchiveConfigurationFactory.newLdapDicomConfiguration(LdapArchiveConfigurationFactory.java:146)
	at java.base/jdk.internal.reflect.DirectMethodHandleAccessor.invoke(DirectMethodHandleAccessor.java:103)
	at java.base/java.lang.reflect.Method.invoke(Method.java:580)
	at org.jboss.weld.core@5.1.6.Final//org.jboss.weld.injection.StaticMethodInjectionPoint.invoke(StaticMethodInjectionPoint.java:99)
	... 85 more
Caused by: javax.naming.AuthenticationException: [LDAP: error code 49 - Invalid Credentials]
	at java.naming/com.sun.jndi.ldap.LdapCtx.mapErrorCode(LdapCtx.java:3260)
	at java.naming/com.sun.jndi.ldap.LdapCtx.processReturnCode(LdapCtx.java:3206)
	at java.naming/com.sun.jndi.ldap.LdapCtx.processReturnCode(LdapCtx.java:2992)
	at java.naming/com.sun.jndi.ldap.LdapCtx.connect(LdapCtx.java:2906)
	at java.naming/com.sun.jndi.ldap.LdapCtx.<init>(LdapCtx.java:349)
	at java.naming/com.sun.jndi.ldap.LdapCtxFactory.getLdapCtxFromUrl(LdapCtxFactory.java:229)
	at java.naming/com.sun.jndi.ldap.LdapCtxFactory.getUsingURL(LdapCtxFactory.java:189)
	at java.naming/com.sun.jndi.ldap.LdapCtxFactory.getUsingURLs(LdapCtxFactory.java:247)
	at java.naming/com.sun.jndi.ldap.LdapCtxFactory.getLdapCtxInstance(LdapCtxFactory.java:154)
	at java.naming/com.sun.jndi.ldap.LdapCtxFactory.getInitialContext(LdapCtxFactory.java:84)
	at org.jboss.as.naming@39.0.1.Final//org.jboss.as.naming.InitialContext.getDefaultInitCtx(InitialContext.java:99)
	at org.jboss.as.naming@39.0.1.Final//org.jboss.as.naming.InitialContext.init(InitialContext.java:84)
	at java.naming/javax.naming.ldap.InitialLdapContext.<init>(InitialLdapContext.java:154)
	at org.jboss.as.naming@39.0.1.Final//org.jboss.as.naming.InitialContext.<init>(InitialContext.java:74)
	at org.jboss.as.naming@39.0.1.Final//org.jboss.as.naming.InitialContextFactory.getInitialContext(InitialContextFactory.java:26)
	at java.naming/javax.naming.spi.NamingManager.getInitialContext(NamingManager.java:520)
	at java.naming/javax.naming.InitialContext.getDefaultInitCtx(InitialContext.java:305)
	at java.naming/javax.naming.InitialContext.init(InitialContext.java:236)
	at java.naming/javax.naming.InitialContext.<init>(InitialContext.java:208)
	at java.naming/javax.naming.directory.InitialDirContext.<init>(InitialDirContext.java:130)
	at org.dcm4che.conf.ldap@5.35.0//org.dcm4che3.conf.ldap.ReconnectDirContext.<init>(ReconnectDirContext.java:30)
	at org.dcm4che.conf.ldap@5.35.0//org.dcm4che3.conf.ldap.LdapDicomConfiguration.<init>(LdapDicomConfiguration.java:142)
	... 91 more

2026-05-08 11:01:24,762 WARN  [org.jboss.as.dependency.private] (MSC service thread 1-6) WFLYSRV0018: Deployment "deployment.dcm4chee-arc-ui2-5.35.0.war" is using a private module ("org.wildfly.security.elytron-http-oidc") which may be changed or removed in future versions without notice.
2026-05-08 11:01:24,816 INFO  [org.jboss.weld.deployer] (MSC service thread 1-6) WFLYWELD0003: Processing weld deployment dcm4chee-arc-ui2-5.35.0.war
2026-05-08 11:01:25,382 INFO  [org.wildfly.extension.undertow] (ServerService Thread Pool -- 112) WFLYUT0021: Registered web context: '/dcm4chee-arc/ui2' for server 'default-server'
2026-05-08 11:01:25,402 ERROR [org.jboss.as.controller.management-operation] (Controller Boot Thread) WFLYCTL0013: Operation ("deploy") failed - address: ([("deployment" => "dcm4chee-arc-ear-5.35.0-psql.ear")]) - Stage: (VERIFY) - failure description: {"WFLYCTL0080: Failed services" => {"jboss.deployment.subunit.\"dcm4chee-arc-ear-5.35.0-psql.ear\".\"dcm4chee-arc-service-5.35.0.jar\".component.ArchiveServiceImpl.START" => "java.lang.IllegalStateException: WFLYEE0042: Failed to construct component instance
    Caused by: java.lang.IllegalStateException: WFLYEE0042: Failed to construct component instance
    Caused by: jakarta.ejb.EJBException: org.jboss.weld.exceptions.WeldException: WELD-000049: Unable to invoke private void org.dcm4chee.arc.impl.ArchiveDeviceProducer.init() on org.dcm4chee.arc.impl.ArchiveDeviceProducer@4505ac80
    Caused by: org.jboss.weld.exceptions.WeldException: WELD-000049: Unable to invoke private void org.dcm4chee.arc.impl.ArchiveDeviceProducer.init() on org.dcm4chee.arc.impl.ArchiveDeviceProducer@4505ac80
    Caused by: java.lang.reflect.InvocationTargetException
    Caused by: jakarta.enterprise.inject.CreationException
    Caused by: org.dcm4che3.conf.api.ConfigurationException: javax.naming.AuthenticationException: [LDAP: error code 49 - Invalid Credentials]
    Caused by: javax.naming.AuthenticationException: [LDAP: error code 49 - Invalid Credentials]"}}
2026-05-08 11:01:25,525 INFO  [org.jboss.as.server] (ServerService Thread Pool -- 46) WFLYSRV0010: Deployed "dcm4chee-arc-ui2-5.35.0.war" (runtime-name : "dcm4chee-arc-ui2-5.35.0.war")
2026-05-08 11:01:25,526 INFO  [org.jboss.as.server] (ServerService Thread Pool -- 46) WFLYSRV0010: Deployed "dcm4chee-arc-ear-5.35.0-psql.ear" (runtime-name : "dcm4chee-arc-ear-5.35.0-psql.ear")
2026-05-08 11:01:25,551 INFO  [org.jboss.as.controller] (Controller Boot Thread) WFLYCTL0183: Service status report
WFLYCTL0186:   Services which failed to start:      service jboss.deployment.subunit."dcm4chee-arc-ear-5.35.0-psql.ear"."dcm4chee-arc-service-5.35.0.jar".component.ArchiveServiceImpl.START: java.lang.IllegalStateException: WFLYEE0042: Failed to construct component instance
WFLYCTL0448: 2 additional services are down due to their dependencies being missing or failed
2026-05-08 11:01:25,809 INFO  [org.jboss.as.server] (Controller Boot Thread) WFLYSRV0212: Resuming server
2026-05-08 11:01:25,849 INFO  [org.jboss.as] (Controller Boot Thread) WFLYSRV0062: Http management interface listening on http://0.0.0.0:9990/management and https://0.0.0.0:9993/management
2026-05-08 11:01:25,851 INFO  [org.jboss.as] (Controller Boot Thread) WFLYSRV0053: Admin console listening on http://0.0.0.0:9990 and https://0.0.0.0:9993
2026-05-08 11:01:25,862 ERROR [org.jboss.as] (Controller Boot Thread) WFLYSRV0026: WildFly 39.0.1.Final (WildFly Core 31.0.3.Final) started (with errors) in 129169ms - Started 3316 of 3512 services (7 services failed or missing dependencies, 429 services are lazy, passive or on-demand) - Server configuration file in use: dcm4chee-arc.xml - Minimum feature stability level: community
